EESchema (20090216-final)  >> Creation date: 10/4/2009 10:23:02 AM

#Cmp ( order = Reference )
| C1         22pF        ;             
| C2         22pF        ;             
| C7         10uF        ;             
| C16        10uF        ;             
| C17        4.7uF       ;             
| C18        1uF         ;             
| C19        10uF        ;             
| C20        1uF         ;             
| C21        0.1uF       ;             
| C22        0.1uF       ;             
| C24        0.1uF       ;             
| C25        10uF        ;             
| C26        10uF        ;             
| C27        0.01uF      ;             
| C28        0.01uF      ;             
| C29        1uF         ;             
| C32        10uF        ;             
| C33        0.1uF       ;             
| C34        0.01uF      ;             
| C35        0.01uF      ;             
| C37        0.01uF      ;             
| C38        220pF       ;             
| C39        0.0039uF    ;             
| C40        0.033uF     ;             
| C45        0.1uF       ;             
| C48        1uF         ;             
| C49        0.01uF      ;             
| C50        0.1uF       ;             
| C51        0.1uF       ;             
| C52        4.7uF       ;             
| C58        10uF        ;             
| C60        0.01uF      ;             
| C61        0.01uF      ;             
| C62        0.01uF      ;             
| C63        10uF        ;             
| C64        1uF         ;             
| C65        1uF         ;             
| C66        1uF         ;             
| C67        0.1uF       ;             
| C68        1uF         ;             
| C69        1uF         ;             
| C70        0.01uF      ;             
| C73        1uF         ;             
| C74        1uF         ;             
| C76        4.7uF       ;             
| C77        4.7uF       ;             
| C78        1uF         ;             
| C79        4.7uF       ;             
| C80        0.1uF       ;             
| C81        10uF        ;             
| CR1        ESD_ZENER   ;             
| D1         BAT54C      ;             
| D2         LO L29K     ;             
| IC1        LPC313X     ;             
| IC2        74LVC2G07   ;             
| IC3        ST1L05B     ;             
| IC4        CAT811      ;             
| IC6        ST1L05B     ;             
| IC12       NC7SB3257   ;             
| IC17       AT45DBxx1D-SU;             
| IC18       TS3USB221   ;             
| JP0        JUMPER-3    ;             
| JP1        JUMPER-3    ;             
| JP2        JUMPER-3    ;             
| L1         FB          ;             
| L3         FB          ;             
| L6         FB          ;             
| L7         FB          ;             
| L9         FB          ;             
| L10        FB          ;             
| L11        FB          ;             
| P1         CONN_30     ;             
| P2         CONN_30     ;             
| P3         CONN_1      ;             
| Q1         2N7002      ;             
| R1         1k          ;             
| R2         47k         ;             
| R8         100k        ;             
| R13        10k         ;             
| R17        10          ;             
| R26        12k         ;             
| R27        10k         ;             
| R29        33          ;             
| R31        1k          ;             
| R33        1650        ;             
| R34        47k         ;             
| R35        22          ;             
| R61        0           ;             
| R62        43k         ;             
| R71        63k         ;             
| R72        43k         ;             
| R73        4.7k        ;             
| R74        4.7k        ;             
| R75        4.7k        ;             
| R76        4.7k        ;             
| R77        10k         ;             
| R78        10k         ;             
| R79        10k         ;             
| R80        10k         ;             
| R81        10k         ;             
| R82        10k         ;             
| R83        15k         ;             
| R84        15k         ;             
| RP19       SPI_EN      ;             
| SW1        RESET       ;             
| TP1        CONN_1      ;             
| U2         USBCONN-HOSTCAPABLE;             
| U3         USBCONN     ;             
| U4         JTAG        ;             
| U8         microSD     ;             
| V6         VIA         ;             
| V7         VIA         ;             
| V9         VIA         ;             
| V11        VIA         ;             
| V12        VIA         ;             
| V13        VIA         ;             
| V14        VIA         ;             
| V21        VIA         ;             
| V22        VIA         ;             
| V35        VIA         ;             
| V38        VIA         ;             
| V39        VIA         ;             
| V40        VIA         ;             
| V41        VIA         ;             
| V43        VIA         ;             
| V44        VIA         ;             
| V45        VIA         ;             
| V46        VIA         ;             
| V47        VIA         ;             
| V48        VIA         ;             
| V49        VIA         ;             
| V50        VIA         ;             
| V51        VIA         ;             
| V52        VIA         ;             
| V53        VIA         ;             
| V54        VIA         ;             
| V55        VIA         ;             
| V56        VIA         ;             
| V57        VIA         ;             
| V58        VIA         ;             
| V59        VIA         ;             
| V61        VIA         ;             
| V62        VIA         ;             
| V63        VIA         ;             
| V64        VIA         ;             
| V65        VIA         ;             
| V69        VIA         ;             
| V70        VIA         ;             
| V71        VIA         ;             
| V72        VIA         ;             
| V73        VIA         ;             
| V74        VIA         ;             
| V75        VIA         ;             
| V76        VIA         ;             
| V79        VIA         ;             
| V80        VIA         ;             
| V81        VIA         ;             
| V82        VIA         ;             
| V83        VIA         ;             
| V84        VIA         ;             
| V87        VIA         ;             
| V88        VIA         ;             
| V90        VIA         ;             
| V91        VIA         ;             
| V92        VIA         ;             
| V93        VIA         ;             
| V94        VIA         ;             
| V100       VIA         ;             
| V101       VIA         ;             
| V109       VIA         ;             
| V110       VIA         ;             
| V111       VIA         ;             
| V112       VIA         ;             
| V115       VIA         ;             
| V117       VIA         ;             
| V118       VIA         ;             
| V123       VIA         ;             
| V133       VIA         ;             
| V134       VIA         ;             
| V139       VIA         ;             
| V143       VIA         ;             
| V144       VIA         ;             
| V145       VIA         ;             
| V146       VIA         ;             
| V147       VIA         ;             
| V148       VIA         ;             
| V149       VIA         ;             
| V150       VIA         ;             
| V151       VIA         ;             
| V155       VIA         ;             
| V178       VIA         ;             
| V184       VIA         ;             
| V199       VIA         ;             
| V210       VIA         ;             
| V219       VIA         ;             
| V220       VIA         ;             
| V221       VIA         ;             
| V222       VIA         ;             
| V223       VIA         ;             
| V224       VIA         ;             
| V225       VIA         ;             
| V236       VIA         ;             
| V237       VIA         ;             
| V238       VIA         ;             
| V239       VIA         ;             
| V240       VIA         ;             
| V241       VIA         ;             
| V242       VIA         ;             
| V244       VIA         ;             
| V245       VIA         ;             
| V246       VIA         ;             
| V247       VIA         ;             
| V248       VIA         ;             
| V249       VIA         ;             
| V250       VIA         ;             
| V251       VIA         ;             
| V259       VIA         ;             
| V262       VIA         ;             
| V263       VIA         ;             
| V268       VIA         ;             
| V272       VIA         ;             
| V277       VIA         ;             
| V279       VIA         ;             
| V282       VIA         ;             
| V283       VIA         ;             
| V284       VIA         ;             
| V285       VIA         ;             
| V286       VIA         ;             
| V287       VIA         ;             
| V288       VIA         ;             
| V292       VIA         ;             
| V293       VIA         ;             
| V294       VIA         ;             
| V314       VIA         ;             
| V316       VIA         ;             
| V317       VIA         ;             
| V333       VIA         ;             
| V334       VIA         ;             
| V346       VIA         ;             
| V353       VIA         ;             
| V354       VIA         ;             
| V363       VIA         ;             
| V364       VIA         ;             
| V365       VIA         ;             
| V366       VIA         ;             
| V367       VIA         ;             
| V370       VIA         ;             
| V374       VIA         ;             
| V379       VIA         ;             
| V383       VIA         ;             
| V384       VIA         ;             
| V385       VIA         ;             
| V386       VIA         ;             
| V390       VIA         ;             
| V407       VIA         ;             
| V408       VIA         ;             
| V409       VIA         ;             
| V410       VIA         ;             
| V411       VIA         ;             
| V412       VIA         ;             
| V413       VIA         ;             
| V415       VIA         ;             
| V417       VIA         ;             
| V418       VIA         ;             
| V419       VIA         ;             
| V422       VIA         ;             
| V423       VIA         ;             
| V424       VIA         ;             
| V425       VIA         ;             
| V426       VIA         ;             
| V428       VIA         ;             
| V429       VIA         ;             
| V433       VIA         ;             
| V434       VIA         ;             
| V445       VIA         ;             
| V446       VIA         ;             
| V447       VIA         ;             
| V448       VIA         ;             
| V449       VIA         ;             
| V450       VIA         ;             
| V451       VIA         ;             
| V452       VIA         ;             
| V453       VIA         ;             
| V454       VIA         ;             
| V455       VIA         ;             
| V456       VIA         ;             
| V457       VIA         ;             
| V458       VIA         ;             
| V459       VIA         ;             
| V463       VIA         ;             
| V465       VIA         ;             
| V485       VIA         ;             
| V496       VIA         ;             
| V524       VIA         ;             
| V531       VIA         ;             
| V533       VIA         ;             
| V534       VIA         ;             
| V535       VIA         ;             
| V537       VIA         ;             
| V538       VIA         ;             
| V539       VIA         ;             
| V540       VIA         ;             
| V542       VIA         ;             
| V543       VIA         ;             
| V544       VIA         ;             
| V545       VIA         ;             
| V547       VIA         ;             
| V548       VIA         ;             
| V574       VIA         ;             
| V583       VIA         ;             
| V584       VIA         ;             
| V586       VIA         ;             
| V587       VIA         ;             
| V588       VIA         ;             
| V589       VIA         ;             
| V595       VIA         ;             
| V600       VIA         ;             
| V602       VIA         ;             
| V604       VIA         ;             
| V605       VIA         ;             
| V606       VIA         ;             
| V608       VIA         ;             
| V609       VIA         ;             
| V611       VIA         ;             
| V614       VIA         ;             
| V619       VIA         ;             
| V620       VIA         ;             
| V622       VIA         ;             
| V623       VIA         ;             
| V624       VIA         ;             
| V626       VIA         ;             
| V629       VIA         ;             
| V630       VIA         ;             
| V632       VIA         ;             
| V640       VIA         ;             
| V645       VIA         ;             
| V648       VIA         ;             
| V649       VIA         ;             
| V650       VIA         ;             
| V651       VIA         ;             
| V652       VIA         ;             
| V653       VIA         ;             
| V654       VIA         ;             
| V655       VIA         ;             
| V658       VIA         ;             
| V659       VIA         ;             
| V660       VIA         ;             
| V661       VIA         ;             
| V662       VIA         ;             
| V663       VIA         ;             
| V664       VIA         ;             
| V665       VIA         ;             
| V667       VIA         ;             
| V668       VIA         ;             
| V669       VIA         ;             
| V671       VIA         ;             
| V673       VIA         ;             
| V674       VIA         ;             
| V675       VIA         ;             
| V679       VIA         ;             
| V680       VIA         ;             
| V681       VIA         ;             
| V683       VIA         ;             
| V684       VIA         ;             
| V685       VIA         ;             
| V689       VIA         ;             
| V690       VIA         ;             
| V691       VIA         ;             
| V692       VIA         ;             
| V693       VIA         ;             
| V694       VIA         ;             
| V695       VIA         ;             
| V696       VIA         ;             
| V698       VIA         ;             
| V699       VIA         ;             
| V700       VIA         ;             
| V701       VIA         ;             
| V703       VIA         ;             
| V704       VIA         ;             
| V705       VIA         ;             
| V706       VIA         ;             
| V707       VIA         ;             
| X1         12MHz       ;             
#End Cmp

#Cmp ( order = Value )
| 0            R61       ;             
| 0.0039uF     C39       ;             
| 0.01uF       C27       ;             
| 0.01uF       C28       ;             
| 0.01uF       C34       ;             
| 0.01uF       C35       ;             
| 0.01uF       C37       ;             
| 0.01uF       C49       ;             
| 0.01uF       C60       ;             
| 0.01uF       C61       ;             
| 0.01uF       C62       ;             
| 0.01uF       C70       ;             
| 0.033uF      C40       ;             
| 0.1uF        C21       ;             
| 0.1uF        C22       ;             
| 0.1uF        C24       ;             
| 0.1uF        C33       ;             
| 0.1uF        C45       ;             
| 0.1uF        C50       ;             
| 0.1uF        C51       ;             
| 0.1uF        C67       ;             
| 0.1uF        C80       ;             
| 10           R17       ;             
| 100k         R8        ;             
| 10k          R13       ;             
| 10k          R27       ;             
| 10k          R77       ;             
| 10k          R78       ;             
| 10k          R79       ;             
| 10k          R80       ;             
| 10k          R81       ;             
| 10k          R82       ;             
| 10uF         C7        ;             
| 10uF         C16       ;             
| 10uF         C19       ;             
| 10uF         C25       ;             
| 10uF         C26       ;             
| 10uF         C32       ;             
| 10uF         C58       ;             
| 10uF         C63       ;             
| 10uF         C81       ;             
| 12k          R26       ;             
| 12MHz        X1        ;             
| 15k          R83       ;             
| 15k          R84       ;             
| 1650         R33       ;             
| 1k           R1        ;             
| 1k           R31       ;             
| 1uF          C18       ;             
| 1uF          C20       ;             
| 1uF          C29       ;             
| 1uF          C48       ;             
| 1uF          C64       ;             
| 1uF          C65       ;             
| 1uF          C66       ;             
| 1uF          C68       ;             
| 1uF          C69       ;             
| 1uF          C73       ;             
| 1uF          C74       ;             
| 1uF          C78       ;             
| 22           R35       ;             
| 220pF        C38       ;             
| 22pF         C1        ;             
| 22pF         C2        ;             
| 2N7002       Q1        ;             
| 33           R29       ;             
| 4.7k         R73       ;             
| 4.7k         R74       ;             
| 4.7k         R75       ;             
| 4.7k         R76       ;             
| 4.7uF        C17       ;             
| 4.7uF        C52       ;             
| 4.7uF        C76       ;             
| 4.7uF        C77       ;             
| 4.7uF        C79       ;             
| 43k          R62       ;             
| 43k          R72       ;             
| 47k          R2        ;             
| 47k          R34       ;             
| 63k          R71       ;             
| 74LVC2G07    IC2       ;             
| AT45DBxx1D-SU IC17      ;             
| BAT54C       D1        ;             
| CAT811       IC4       ;             
| CONN_1       P3        ;             
| CONN_1       TP1       ;             
| CONN_30      P1        ;             
| CONN_30      P2        ;             
| ESD_ZENER    CR1       ;             
| FB           L1        ;             
| FB           L3        ;             
| FB           L6        ;             
| FB           L7        ;             
| FB           L9        ;             
| FB           L10       ;             
| FB           L11       ;             
| JTAG         U4        ;             
| JUMPER-3     JP0       ;             
| JUMPER-3     JP1       ;             
| JUMPER-3     JP2       ;             
| LO L29K      D2        ;             
| LPC313X      IC1       ;             
| microSD      U8        ;             
| NC7SB3257    IC12      ;             
| RESET        SW1       ;             
| SPI_EN       RP19      ;             
| ST1L05B      IC3       ;             
| ST1L05B      IC6       ;             
| TS3USB221    IC18      ;             
| USBCONN      U3        ;             
| USBCONN-HOSTCAPABLE U2        ;             
| VIA          V6        ;             
| VIA          V7        ;             
| VIA          V9        ;             
| VIA          V11       ;             
| VIA          V12       ;             
| VIA          V13       ;             
| VIA          V14       ;             
| VIA          V21       ;             
| VIA          V22       ;             
| VIA          V35       ;             
| VIA          V38       ;             
| VIA          V39       ;             
| VIA          V40       ;             
| VIA          V41       ;             
| VIA          V43       ;             
| VIA          V44       ;             
| VIA          V45       ;             
| VIA          V46       ;             
| VIA          V47       ;             
| VIA          V48       ;             
| VIA          V49       ;             
| VIA          V50       ;             
| VIA          V51       ;             
| VIA          V52       ;             
| VIA          V53       ;             
| VIA          V54       ;             
| VIA          V55       ;             
| VIA          V56       ;             
| VIA          V57       ;             
| VIA          V58       ;             
| VIA          V59       ;             
| VIA          V61       ;             
| VIA          V62       ;             
| VIA          V63       ;             
| VIA          V64       ;             
| VIA          V65       ;             
| VIA          V69       ;             
| VIA          V70       ;             
| VIA          V71       ;             
| VIA          V72       ;             
| VIA          V73       ;             
| VIA          V74       ;             
| VIA          V75       ;             
| VIA          V76       ;             
| VIA          V79       ;             
| VIA          V80       ;             
| VIA          V81       ;             
| VIA          V82       ;             
| VIA          V83       ;             
| VIA          V84       ;             
| VIA          V87       ;             
| VIA          V88       ;             
| VIA          V90       ;             
| VIA          V91       ;             
| VIA          V92       ;             
| VIA          V93       ;             
| VIA          V94       ;             
| VIA          V100      ;             
| VIA          V101      ;             
| VIA          V109      ;             
| VIA          V110      ;             
| VIA          V111      ;             
| VIA          V112      ;             
| VIA          V115      ;             
| VIA          V117      ;             
| VIA          V118      ;             
| VIA          V123      ;             
| VIA          V133      ;             
| VIA          V134      ;             
| VIA          V139      ;             
| VIA          V143      ;             
| VIA          V144      ;             
| VIA          V145      ;             
| VIA          V146      ;             
| VIA          V147      ;             
| VIA          V148      ;             
| VIA          V149      ;             
| VIA          V150      ;             
| VIA          V151      ;             
| VIA          V155      ;             
| VIA          V178      ;             
| VIA          V184      ;             
| VIA          V199      ;             
| VIA          V210      ;             
| VIA          V219      ;             
| VIA          V220      ;             
| VIA          V221      ;             
| VIA          V222      ;             
| VIA          V223      ;             
| VIA          V224      ;             
| VIA          V225      ;             
| VIA          V236      ;             
| VIA          V237      ;             
| VIA          V238      ;             
| VIA          V239      ;             
| VIA          V240      ;             
| VIA          V241      ;             
| VIA          V242      ;             
| VIA          V244      ;             
| VIA          V245      ;             
| VIA          V246      ;             
| VIA          V247      ;             
| VIA          V248      ;             
| VIA          V249      ;             
| VIA          V250      ;             
| VIA          V251      ;             
| VIA          V259      ;             
| VIA          V262      ;             
| VIA          V263      ;             
| VIA          V268      ;             
| VIA          V272      ;             
| VIA          V277      ;             
| VIA          V279      ;             
| VIA          V282      ;             
| VIA          V283      ;             
| VIA          V284      ;             
| VIA          V285      ;             
| VIA          V286      ;             
| VIA          V287      ;             
| VIA          V288      ;             
| VIA          V292      ;             
| VIA          V293      ;             
| VIA          V294      ;             
| VIA          V314      ;             
| VIA          V316      ;             
| VIA          V317      ;             
| VIA          V333      ;             
| VIA          V334      ;             
| VIA          V346      ;             
| VIA          V353      ;             
| VIA          V354      ;             
| VIA          V363      ;             
| VIA          V364      ;             
| VIA          V365      ;             
| VIA          V366      ;             
| VIA          V367      ;             
| VIA          V370      ;             
| VIA          V374      ;             
| VIA          V379      ;             
| VIA          V383      ;             
| VIA          V384      ;             
| VIA          V385      ;             
| VIA          V386      ;             
| VIA          V390      ;             
| VIA          V407      ;             
| VIA          V408      ;             
| VIA          V409      ;             
| VIA          V410      ;             
| VIA          V411      ;             
| VIA          V412      ;             
| VIA          V413      ;             
| VIA          V415      ;             
| VIA          V417      ;             
| VIA          V418      ;             
| VIA          V419      ;             
| VIA          V422      ;             
| VIA          V423      ;             
| VIA          V424      ;             
| VIA          V425      ;             
| VIA          V426      ;             
| VIA          V428      ;             
| VIA          V429      ;             
| VIA          V433      ;             
| VIA          V434      ;             
| VIA          V445      ;             
| VIA          V446      ;             
| VIA          V447      ;             
| VIA          V448      ;             
| VIA          V449      ;             
| VIA          V450      ;             
| VIA          V451      ;             
| VIA          V452      ;             
| VIA          V453      ;             
| VIA          V454      ;             
| VIA          V455      ;             
| VIA          V456      ;             
| VIA          V457      ;             
| VIA          V458      ;             
| VIA          V459      ;             
| VIA          V463      ;             
| VIA          V465      ;             
| VIA          V485      ;             
| VIA          V496      ;             
| VIA          V524      ;             
| VIA          V531      ;             
| VIA          V533      ;             
| VIA          V534      ;             
| VIA          V535      ;             
| VIA          V537      ;             
| VIA          V538      ;             
| VIA          V539      ;             
| VIA          V540      ;             
| VIA          V542      ;             
| VIA          V543      ;             
| VIA          V544      ;             
| VIA          V545      ;             
| VIA          V547      ;             
| VIA          V548      ;             
| VIA          V574      ;             
| VIA          V583      ;             
| VIA          V584      ;             
| VIA          V586      ;             
| VIA          V587      ;             
| VIA          V588      ;             
| VIA          V589      ;             
| VIA          V595      ;             
| VIA          V600      ;             
| VIA          V602      ;             
| VIA          V604      ;             
| VIA          V605      ;             
| VIA          V606      ;             
| VIA          V608      ;             
| VIA          V609      ;             
| VIA          V611      ;             
| VIA          V614      ;             
| VIA          V619      ;             
| VIA          V620      ;             
| VIA          V622      ;             
| VIA          V623      ;             
| VIA          V624      ;             
| VIA          V626      ;             
| VIA          V629      ;             
| VIA          V630      ;             
| VIA          V632      ;             
| VIA          V640      ;             
| VIA          V645      ;             
| VIA          V648      ;             
| VIA          V649      ;             
| VIA          V650      ;             
| VIA          V651      ;             
| VIA          V652      ;             
| VIA          V653      ;             
| VIA          V654      ;             
| VIA          V655      ;             
| VIA          V658      ;             
| VIA          V659      ;             
| VIA          V660      ;             
| VIA          V661      ;             
| VIA          V662      ;             
| VIA          V663      ;             
| VIA          V664      ;             
| VIA          V665      ;             
| VIA          V667      ;             
| VIA          V668      ;             
| VIA          V669      ;             
| VIA          V671      ;             
| VIA          V673      ;             
| VIA          V674      ;             
| VIA          V675      ;             
| VIA          V679      ;             
| VIA          V680      ;             
| VIA          V681      ;             
| VIA          V683      ;             
| VIA          V684      ;             
| VIA          V685      ;             
| VIA          V689      ;             
| VIA          V690      ;             
| VIA          V691      ;             
| VIA          V692      ;             
| VIA          V693      ;             
| VIA          V694      ;             
| VIA          V695      ;             
| VIA          V696      ;             
| VIA          V698      ;             
| VIA          V699      ;             
| VIA          V700      ;             
| VIA          V701      ;             
| VIA          V703      ;             
| VIA          V704      ;             
| VIA          V705      ;             
| VIA          V706      ;             
| VIA          V707      ;             
#End Cmp

#End List
